// Copyright (C) 2017 - IIT Bombay - FOSSEE
//
// Author:	Samuel Wilson
// Organization: FOSSEE, IIT Bombay
// Email: harpreet.mertia@gmail.com
//
// This file must be used under the terms of the CeCILL.
// This source file is licensed as described in the file COPYING, which
// you should have received as part of this distribution.  The terms
// are also available at
// http://www.cecill.info/licences/Licence_CeCILL_V2-en.txt
// <-- JVM NOT MANDATORY -->
// <-- ENGLISH IMPOSED -->
//
// assert_close --
//   Returns 1 if the two real matrices computed and expected are close,
//   i.e. if the relative distance between computed and expected is lesser than epsilon.
// Arguments
//   computed, expected : the two matrices to compare
//   epsilon : a small number
//
function flag = assert_close ( computed, expected, epsilon )
  if expected==0.0 then
    shift = norm(computed-expected);
  else
    shift = norm(computed-expected)/norm(expected);
  end
//  if shift < epsilon then
//    flag = 1;
//  else
//    flag = 0;
//  end
//  if flag <> 1 then bugmes();quit;end
    flag = assert_checktrue ( shift < epsilon );
endfunction
//
// assert_equal --
//   Returns 1 if the two real matrices computed and expected are equal.
// Arguments
//   computed, expected : the two matrices to compare
//   epsilon : a small number
//
//function flag = assert_equal ( computed , expected )
//  if computed==expected then
//    flag = 1;
//  else
//    flag = 0;
//  end
//  if flag <> 1 then bugmes();quit;end
//endfunction
//A simple shortest-path example. Refer to the documentation for more details on the same example.
start_nodes=[ 0 0 1 1 2 4 5 4];
end_nodes= [ 1 5 2 5 3 3 4 2];
weights=[10 8 5 2 7 10 10 8];
st=[0,3];
//Calling the routine
[mincost,shortestpath,flag]=fshortestpath(start_nodes,end_nodes,weights,st);

Shortest path from start-node:0 to end-node:3 is :
0 -> 1 -> 2 -> 3
Minumum cost (using the said path) :- 22.000000

 Shortest/Lowest Cost Path found. 
assert_checkequal(mincost,[22]);
assert_checkequal(shortestpath,int32([0 1 2 3]));
assert_checkequal(flag,int32(1));
printf("\nTest Successful!\n");

Test Successful!
